[grabify.link/index.html]
[backblue.gif]
[fade.gif]
[index.html]
[grabify.link/images/200.png]
[grabify.link/images/favicon.png]
[grabify.link/images/favicon.svg]
[grabify.link/images/favicon/favicon.ico]
[grabify.link/images/favicon/favicon-192.png]
[grabify.link/images/favicon/favicon-160.png]
[grabify.link/images/favicon/favicon-96.png]
[grabify.link/images/favicon/favicon-64.png]
[grabify.link/images/favicon/favicon-32.png]
[grabify.link/images/favicon/favicon-16.png]
[grabify.link/images/favicon/favicon-57.png]
[grabify.link/images/favicon/favicon-114.png]
[grabify.link/images/favicon/favicon-72.png]
[grabify.link/images/favicon/favicon-144.png]
[grabify.link/images/favicon/favicon-60.png]
[grabify.link/images/favicon/favicon-120.png]
[grabify.link/images/favicon/favicon-76.png]
[grabify.link/images/favicon/favicon-152.png]
[grabify.link/images/favicon/favicon-180.png]
[grabify.link/images/grabify-inverted.svg]
[grabify.link/images/world.svg]
[grabify.link/images/grabify.svg]
[grabify.link/css/homepagecf8a.css]
[grabify.link/js/scripts42e0.js]
[grabify.link/js/ads.js]
[cdn.fuseplatform.net/publift/tags/2/1218/fuse.js]
[grabify.link/login.html]
[grabify.link/register.html]
[grabify.link/blog.html]
[grabify.link/ip-lookup.html]
[grabify.link/image.html]
[grabify.link/expander.html]
[grabify.link/speedtest.html]
[grabify.link/mac-lookup.html]
[www.google.com/recaptcha/apida10.js]
[grabify.link/tos.html]
[grabify.link/images/homepage/2.svg]
[grabify.link/privacy.html]
[grabify.link/images/homepage/5.svg]
[grabify.link/images/homepage/4.svg]
[grabify.link/images/yt_thumb.jpg]
[grabify.link/faq/features.html]
[grabify.link/js/homepage8262.js]
[grabify.link/faq.html]
[grabify.link/index.html]
[grabify.link/images/favicon.svg]
[grabify.link/images/grabify-inverted.svg]
[grabify.link/images/world.svg]
[grabify.link/images/grabify.svg]
[grabify.link/js/checkd21a.js]
[grabify.link/removeme.html]
[grabify.link/fonts/vendor/@fortawesome/fontawesome-free/webfa-brands-40092b8.woff2]
[grabify.link/fonts/vendor/@fortawesome/fontawesome-free/webfa-brands-400e58f.ttf]
[grabify.link/fonts/vendor/@fortawesome/fontawesome-free/webfa-solid-9007c9a.woff2]
[grabify.link/css/homepagecf8a.css]
[grabify.link/fonts/vendor/@fortawesome/fontawesome-free/webfa-solid-900d3ea.ttf]
[grabify.link/GET]
[launchpad-wrapper.privacymanager.io/47eddec1-62a9-4081-b655-0c9fa5eb8a0d/launchpad-liveramp.js]
[grabify.link/choicefdfe.js]
[grabify.link/t.document.referrer]
[c.amazon-adsystem.com/aax2/apstag.js]
[grabify.link/e]
[grabify.link/t]
[cdn.fuseplatform.net/publift/tags/2/1218/fuse.js]
[grabify.link/css/styles6e18.css]
[www.google.com/recaptcha/api.js]
[yandex.ru/ads/system/context.js]
[grabify.link/login.html]
[grabify.link/forgot.html]
[grabify.link/register.html]
[grabify.link/blog/what-is-vpn-and-why-should-you-use-it.html]
[miro.medium.com/v2/resize_fit_578/1_xRa_gaI7mC_bXxUWsKJL7g.png]
[grabify.link/blog/ip-address-what-in-the-world.html]
[miro.medium.com/v2/resize_fit_845/0_FQe2V_FeeFFSyaQ9.jpg]
[grabify.link/blog.html]
[grabify.link/ip-lookup.html]
[grabify.link/image.html]
[grabify.link/expander.html]
[grabify.link/speedtest.html]
[grabify.link/mac-lookup.html]
[grabify.link/tos.html]
[grabify.link/privacy.html]
[grabify.link/images/homepage/2.svg]
[grabify.link/images/homepage/5.svg]
[grabify.link/images/homepage/4.svg]
[grabify.link/faq/features.html]
[grabify.link/faq.html]
[grabify.link/removeme.html]
[grabify.link/js/features0040.js]
[grabify.link/telemetry]
[grabify.link/telemetry/index.html]
[grabify.link/GET.html]
[grabify.link/gpt_and_prebid]
[grabify.link/gpt_and_prebid/index.html]
[grabify.link/prebid.57.delayed]
[grabify.link/prebid/index.html]
[grabify.link/choice]
[grabify.link/choice/index.html]
[grabify.link/choicefdfe.html]
[grabify.link/t.document.html]
[grabify.link/e.html]
[grabify.link/t.html]
[grabify.link/OPR.59.delayed]
[grabify.link/OPR/index.html]
[grabify.link/css/styles6e18.css]
[grabify.link/forgot.html]
[glyph.medium.com/css/unbound.css]
[miro.medium.com/v2/resize_fill_56_56/1_2X4CYknLxevXbUoPgyYEpQ.jpg]
[grabify.link/blog/what-is-vpn-and-why-should-you-use-it.html]
[grabify.link/blog/ip-address-what-in-the-world.html]
[grabify.link/telemetry.html]
[grabify.link/gpt_and_prebid.html]
[grabify.link/prebid.html]
[grabify.link/choice.html]
[grabify.link/OPR.html]
[glyph.medium.com/css/unbound.css]
